Microchip MPLAB XC8 Compiler V2.45

Linker command line:

-W-3 --edf=D:\cx8\Microchip\xc8\v2.45\pic\dat\20230818022343_en.msgs -cn \
  -h+dist/default/production\SchermRotary.X.production.sym \
  --cmf=dist/default/production\SchermRotary.X.production.cmf -z -Q16F887 \
  -oC:\Users\mhama\AppData\Local\Temp\xcAsm9k.\driver_tmp_3.o \
  --defsym=__MPLAB_BUILD=1 --fixupoverflow=error \
  -Mdist/default/production/SchermRotary.X.production.map \
  --md=C:\Users\mhama\AppData\Local\Temp\xcAsm9k.\driver_tmp_0.dat -E1 \
  -ver=XC8 Compiler --acfsm=1493 -ACODE=00h-07FFhx4 -ASTRCODE=00h-01FFFh \
  -ASTRING=00h-0FFhx32 -ACONST=00h-0FFhx32 -AENTRY=00h-0FFhx32 \
  -ACOMMON=070h-07Fh -ABANK0=020h-06Fh -ABANK1=0A0h-0EFh \
  -ABANK2=0110h-016Fh -ABANK3=0190h-01EFh \
  -ARAM=020h-06Fh,0A0h-0EFh,0110h-016Fh,0190h-01EFh \
  -AABS1=020h-07Fh,0A0h-0EFh,0110h-016Fh,0190h-01EFh -ASFR0=00h-01Fh \
  -ASFR1=080h-09Fh -ASFR2=0100h-010Fh -ASFR3=0180h-018Fh \
  -ACONFIG=02007h-02008h -DCONFIG=2 -AIDLOC=02000h-02003h -DIDLOC=2 \
  -AEEDATA=00h-0FFh/02100h -peeprom_data=EEDATA -DEEDATA=2 -DCODE=2 \
  -DSTRCODE=2 -DSTRING=2 -DCONST=2 -DENTRY=2 \
  -preset_vec=00h,intentry=04h,init,end_init -ppowerup=CODE -pcinit=CODE \
  -pfunctab=ENTRY -k \
  C:\Users\mhama\AppData\Local\Temp\xcAsm9k.\driver_tmp_12.o \
  dist/default/production\SchermRotary.X.production.o 

Object code version is 3.11

Machine type is 16F887



                Name                               Link     Load   Length Selector   Space Scale
C:\Users\mhama\AppData\Local\Temp\xcAsm9k.\driver_tmp_12.o
                end_init                             10       10        3        8       0
                reset_vec                             0        0        3        0       0
                config                             2007     2007        2        0       4
dist/default/production\SchermRotary.X.production.o
                cinit                                13       13       40        8       0
                intentry                              4        4        C        8       0
                config                             2007     2007        2        0       4
                text18                             15DE     15DE       72     2BBC       0
                text17                               53       53       9B        8       0
                text16                             14D8     14D8       17     29B0       0
                text15                             1506     1506       27     2A0C       0
                text14                              EAC      EAC      154     1D58       0
                text13                               EE       EE       12        8       0
                text12                             14EF     14EF       17     29DE       0
                text11                             1488     1488        D     2910       0
                text10                             14A2     14A2        F     2944       0
                text9                              147D     147D        B     28FA       0
                text8                              14C4     14C4       14     2988       0
                text7                              1583     1583       5B     2B06       0
                text6                              152D     152D       27     2A5A       0
                text5                              1467     1467        6     28CE       0
                text4                              16C2     16C2       8E     2D84       0
                text3                               E40      E40       6C     1C80       0
                text2                              1554     1554       2F     2AA8       0
                text1                              1750     1750       B0     2EA0       0
                maintext                           1650     1650       72     2CA0       0
                cstackBANK0                          20       20       3B       20       1
                cstackCOMMON                         70       70        B       70       1
                clrtext                            146D     146D        8     28DA       0
                inittext                           14B1     14B1       13     2962       0
                bssBANK3                            190      190       28      190       1
                dataBANK1                            C8       C8        8       A0       1
                bssBANK1                             A0       A0       28       A0       1
                dataBANK0                            5B       5B        D       20       1
                bssBANK0                             68       68        2       20       1
                dataCOMMON                           7B       7B        2       70       1
                bssCOMMON                            7D       7D        1       70       1
                stringtext                          100      100      D40        2       0
                idataBANK1                         1475     1475        8     28EA       0
                idataBANK0                         1495     1495        D     292A       0
                idataCOMMON                        1465     1465        2     28CA       0

TOTAL           Name                               Link     Load   Length     Space
        CLASS   CODE           
                end_init                             10       10        3         0
                cinit                                13       13       40         0
                intentry                              4        4        C         0
                reset_vec                             0        0        3         0
                text18                             15DE     15DE       72         0
                text17                               53       53       9B         0
                text16                             14D8     14D8       17         0
                text15                             1506     1506       27         0
                text14                              EAC      EAC      154         0
                text13                               EE       EE       12         0
                text12                             14EF     14EF       17         0
                text11                             1488     1488        D         0
                text10                             14A2     14A2        F         0
                text9                              147D     147D        B         0
                text8                              14C4     14C4       14         0
                text7                              1583     1583       5B         0
                text6                              152D     152D       27         0
                text5                              1467     1467        6         0
                text4                              16C2     16C2       8E         0
                text3                               E40      E40       6C         0
                text2                              1554     1554       2F         0
                text1                              1750     1750       B0         0
                maintext                           1650     1650       72         0
                clrtext                            146D     146D        8         0
                inittext                           14B1     14B1       13         0
                idataBANK1                         1475     1475        8         0
                idataBANK0                         1495     1495        D         0
                idataCOMMON                        1465     1465        2         0

        CLASS   STRCODE        
                stringtext                          100      100      D40         0

        CLASS   STRING         

        CLASS   CONST          

        CLASS   ENTRY          

        CLASS   COMMON         
                cstackCOMMON                         70       70        B         1
                dataCOMMON                           7B       7B        2         1
                bssCOMMON                            7D       7D        1         1

        CLASS   BANK0          
                cstackBANK0                          20       20       3B         1
                dataBANK0                            5B       5B        D         1
                bssBANK0                             68       68        2         1

        CLASS   BANK1          
                dataBANK1                            C8       C8        8         1
                bssBANK1                             A0       A0       28         1

        CLASS   BANK2          

        CLASS   BANK3          
                bssBANK3                            190      190       28         1

        CLASS   RAM            

        CLASS   ABS1           
                abs_s1                               7E       7E        2         1

        CLASS   SFR0           

        CLASS   SFR1           

        CLASS   SFR2           

        CLASS   SFR3           

        CLASS   CONFIG         
                config                             2007     2007        2         4

        CLASS   IDLOC          

        CLASS   EEDATA         

        CLASS   HEAP           

        CLASS   STACK          



SEGMENTS        Name                           Load    Length   Top    Selector   Space  Class     Delta

                reset_vec                      000000  000003  000003         0       0  CODE        2
                intentry                       000004  0000FC  000100         8       0  CODE        2
                cstackBANK0                    000020  00004A  00006A        20       1  BANK0       1
                cstackCOMMON                   000070  00000E  00007E        70       1  COMMON      1
                bssBANK1                       0000A0  000030  0000D0        A0       1  BANK1       1
                bssBANK3                       000190  000028  0001B8       190       1  BANK3       1
                stringtext                     000100  000D40  000E40         2       0  STRCODE     2
                text3                          000E40  00006C  000EAC      1C80       0  CODE        2
                text14                         000EAC  000154  001000      1D58       0  CODE        2
                idataCOMMON                    001465  000002  001467      28CA       0  CODE        2
                text5                          001467  000006  00146D      28CE       0  CODE        2
                clrtext                        00146D  000008  001475      28DA       0  CODE        2
                idataBANK1                     001475  000008  00147D      28EA       0  CODE        2
                text9                          00147D  00000B  001488      28FA       0  CODE        2
                text11                         001488  00000D  001495      2910       0  CODE        2
                idataBANK0                     001495  00000D  0014A2      292A       0  CODE        2
                text10                         0014A2  00000F  0014B1      2944       0  CODE        2
                inittext                       0014B1  000013  0014C4      2962       0  CODE        2
                text8                          0014C4  000014  0014D8      2988       0  CODE        2
                text16                         0014D8  000017  0014EF      29B0       0  CODE        2
                text12                         0014EF  000017  001506      29DE       0  CODE        2
                text15                         001506  000027  00152D      2A0C       0  CODE        2
                text6                          00152D  000027  001554      2A5A       0  CODE        2
                text2                          001554  00002F  001583      2AA8       0  CODE        2
                text7                          001583  00005B  0015DE      2B06       0  CODE        2
                text18                         0015DE  000072  001650      2BBC       0  CODE        2
                maintext                       001650  000072  0016C2      2CA0       0  CODE        2
                text4                          0016C2  00008E  001750      2D84       0  CODE        2
                text1                          001750  0000B0  001800      2EA0       0  CODE        2


UNUSED ADDRESS RANGES

        Name                Unused          Largest block    Delta
        BANK0            006A-006F              6           1
        BANK1            00D0-00EF             20           1
        BANK2            0110-016F             60           1
        BANK3            01B8-01EF             38           1
        CODE             0003-0003              1           2
                         1000-1464            465
                         1800-1FFF            800
        CONST            0003-0003              1           2
                         1000-1464            100
                         1800-1FFF            100
        EEDATA           2100-21FF            100           2
        ENTRY            0003-0003              1           2
                         1000-1464            100
                         1800-1FFF            100
        IDLOC            2000-2003              4           2
        RAM              006A-006F              6           1
                         00D0-00EF             20
                         0110-016F             60
                         01B8-01EF             38
        SFR0             0000-001F             20           1
        SFR1             0080-009F             20           1
        SFR2             0100-010F             10           1
        SFR3             0180-018F             10           1
        STRCODE          0003-0003              1           2
                         1000-1464            465
                         1800-1FFF            800
        STRING           0003-0003              1           2
                         1000-1464            100
                         1800-1FFF            100

                                  Symbol Table

?___wmul                   cstackBANK0  0026
ISR@adcValue               cstackBANK0  0024
ISR@lowerValue             cstackBANK0  0022
ISR@upperValue             cstackBANK0  0020
_ADCON0bits                (abs)        001F
_ADCON1bits                (abs)        009F
_ADRESH                    (abs)        001E
_ADRESL                    (abs)        009E
_ANSEL                     (abs)        0188
_ANSELH                    (abs)        0189
_ANSELbits                 (abs)        0188
_GO                        (abs)        00F9
_INTCONbits                (abs)        000B
_IOCBbits                  (abs)        0096
_ISR                       text17       0053
_OSCCONbits                (abs)        008F
_PIE1bits                  (abs)        008C
_PIR1bits                  (abs)        000C
_PORTA                     (abs)        0005
_PORTB                     (abs)        0006
_PORTBbits                 (abs)        0006
_PORTC                     (abs)        0007
_PORTCbits                 (abs)        0007
_PORTD                     (abs)        0008
_PORTDbits                 (abs)        0008
_PORTE                     (abs)        0009
_SSPBUF                    (abs)        0013
_SSPCONbits                (abs)        0014
_SSPSTATbits               (abs)        0094
_TRISA                     (abs)        0085
_TRISB                     (abs)        0086
_TRISBbits                 (abs)        0086
_TRISC                     (abs)        0087
_TRISCbits                 (abs)        0087
_TRISD                     (abs)        0088
_TRISE                     (abs)        0089
_TRISEbits                 (abs)        0089
__H__absolute__            __absolute__ 0000
__Habs1                    abs1         0000
__Hbank0                   bank0        0000
__Hbank1                   bank1        0000
__Hbank2                   bank2        0000
__Hbank3                   bank3        0000
__HbssBANK0                bssBANK0     0000
__HbssBANK1                bssBANK1     0000
__HbssBANK3                bssBANK3     0000
__HbssCOMMON               bssCOMMON    0000
__Hcinit                   cinit        0053
__Hclrtext                 clrtext      0000
__Hcode                    code         0000
__Hcommon                  common       0000
__Hconfig                  config       2009
__HcstackBANK0             cstackBANK0  0000
__HcstackCOMMON            cstackCOMMON 0000
__HdataBANK0               dataBANK0    0000
__HdataBANK1               dataBANK1    0000
__HdataCOMMON              dataCOMMON   0000
__Heeprom_data             eeprom_data  0000
__Hend_init                end_init     0013
__Hfunctab                 functab      0000
__Hheap                    heap         0000
__HidataBANK0              idataBANK0   0000
__HidataBANK1              idataBANK1   0000
__HidataCOMMON             idataCOMMON  0000
__Hinit                    init         0010
__Hinittext                inittext     0000
__Hintentry                intentry     0010
__Hmaintext                maintext     0000
__Hpowerup                 powerup      0000
__Hram                     ram          0000
__Hreset_vec               reset_vec    0003
__Hsfr0                    sfr0         0000
__Hsfr1                    sfr1         0000
__Hsfr2                    sfr2         0000
__Hsfr3                    sfr3         0000
__Hspace_0                 (abs)        1800
__Hspace_1                 (abs)        01B8
__Hspace_2                 (abs)        0000
__Hspace_3                 (abs)        0000
__Hspace_4                 (abs)        4010
__Hstack                   stack        0000
__Hstrings                 strings      0000
__Hstringtext              stringtext   0000
__Htext                    text         0000
__L__absolute__            __absolute__ 0000
__Labs1                    abs1         0000
__Lbank0                   bank0        0000
__Lbank1                   bank1        0000
__Lbank2                   bank2        0000
__Lbank3                   bank3        0000
__LbssBANK0                bssBANK0     0000
__LbssBANK1                bssBANK1     0000
__LbssBANK3                bssBANK3     0000
__LbssCOMMON               bssCOMMON    0000
__Lcinit                   cinit        0013
__Lclrtext                 clrtext      0000
__Lcode                    code         0000
__Lcommon                  common       0000
__Lconfig                  config       0000
__LcstackBANK0             cstackBANK0  0000
__LcstackCOMMON            cstackCOMMON 0000
__LdataBANK0               dataBANK0    0000
__LdataBANK1               dataBANK1    0000
__LdataCOMMON              dataCOMMON   0000
__Leeprom_data             eeprom_data  0000
__Lend_init                end_init     0010
__Lfunctab                 functab      0000
__Lheap                    heap         0000
__LidataBANK0              idataBANK0   0000
__LidataBANK1              idataBANK1   0000
__LidataCOMMON             idataCOMMON  0000
__Linit                    init         0010
__Linittext                inittext     0000
__Lintentry                intentry     0004
__Lmaintext                maintext     0000
__Lpowerup                 powerup      0000
__Lram                     ram          0000
__Lreset_vec               reset_vec    0000
__Lsfr0                    sfr0         0000
__Lsfr1                    sfr1         0000
__Lsfr2                    sfr2         0000
__Lsfr3                    sfr3         0000
__Lspace_0                 (abs)        0000
__Lspace_1                 (abs)        0000
__Lspace_2                 (abs)        0000
__Lspace_3                 (abs)        0000
__Lspace_4                 (abs)        0000
__Lstack                   stack        0000
__Lstrings                 strings      0000
__Lstringtext              stringtext   0000
__Ltext                    text         0000
__S0                       (abs)        1800
__S1                       (abs)        01B8
__S3                       (abs)        0000
___bmul                    text16       14D8
___bmul@multiplicand       cstackBANK0  0026
___bmul@multiplier         cstackBANK0  0028
___bmul@product            cstackBANK0  0027
___heap_hi                 (abs)        0000
___heap_lo                 (abs)        0000
___int_sp                  stack        0000
___int_stack_hi            stack        0000
___int_stack_lo            stack        0000
___latbits                 (abs)        0002
___sp                      stack        0000
___stack_hi                stack        0000
___stack_lo                stack        0000
___stackhi                 (abs)        0000
___stacklo                 (abs)        0000
___wmul                    text15       1506
___wmul@multiplicand       cstackBANK0  0028
___wmul@multiplier         cstackBANK0  0026
___wmul@product            cstackBANK0  002A
__end_of_ISR               text17       00EE
__end_of___bmul            text16       14EF
__end_of___wmul            text15       152D
__end_of__initialization   cinit        004F
__end_of__stringtab        stringtext   0112
__end_of_adcBounds         stringtext   0E0E
__end_of_adc_init          text12       1506
__end_of_arabic            stringtext   08B5
__end_of_ascii             stringtext   0DBA
__end_of_aurebech          stringtext   0612
__end_of_hebrew            stringtext   0B3A
__end_of_init_osc          text11       1495
__end_of_input_conversion  text13       0100
__end_of_interrupt_init    text10       14B1
__end_of_load_buffer       text14       1000
__end_of_main              maintext     16C2
__end_of_pic_init          text6        1554
__end_of_pins_init         text9        1488
__end_of_ports_init        text8        14D8
__end_of_rotaryHandeling   text18       1650
__end_of_scherm_init       text4        1750
__end_of_send_buffer       text3        0EAC
__end_of_spi_init          text7        15DE
__end_of_spi_transmit      text5        146D
__end_of_text_to_buffer    text2        1583
__end_of_volumeValue       stringtext   0E40
__end_of_volume_conversion text1        1800
__initialization           cinit        0013
__pbssBANK0                bssBANK0     0068
__pbssBANK1                bssBANK1     00A0
__pbssBANK3                bssBANK3     0190
__pbssCOMMON               bssCOMMON    007D
__pcstackBANK0             cstackBANK0  0020
__pcstackCOMMON            cstackCOMMON 0070
__pdataBANK0               dataBANK0    005B
__pdataBANK1               dataBANK1    00C8
__pdataCOMMON              dataCOMMON   007B
__pidataBANK0              idataBANK0   1495
__pidataBANK1              idataBANK1   1475
__pidataCOMMON             idataCOMMON  1465
__pintentry                intentry     0004
__pmaintext                maintext     1650
__pstringtext              stringtext   0100
__ptext1                   text1        1750
__ptext10                  text10       14A2
__ptext11                  text11       1488
__ptext12                  text12       14EF
__ptext13                  text13       00EE
__ptext14                  text14       0EAC
__ptext15                  text15       1506
__ptext16                  text16       14D8
__ptext17                  text17       0053
__ptext18                  text18       15DE
__ptext2                   text2        1554
__ptext3                   text3        0E40
__ptext4                   text4        16C2
__ptext5                   text5        1467
__ptext6                   text6        152D
__ptext7                   text7        1583
__ptext8                   text8        14C4
__ptext9                   text9        147D
__stringbase               stringtext   0112
__stringtab                stringtext   0100
_adcBounds                 stringtext   0DBA
_adc_init                  text12       14EF
_ascii                     stringtext   0B3A
_count                     dataBANK0    0065
_init_osc                  text11       1488
_input_conversion          text13       00EE
_interrupt_init            text10       14A2
_load_buffer               text14       0EAC
_main                      maintext     1650
_miniCount                 dataCOMMON   007B
_pic_init                  text6        152D
_pins_init                 text9        147D
_ports_init                text8        14C4
_rotaryHandeling           text18       15DE
_scherm1_buffer            bssBANK1     00A0
_scherm2_buffer            bssBANK3     0190
_scherm_init               text4        16C2
_send_buffer               text3        0E40
_spi_init                  text7        1583
_spi_transmit              text5        1467
_switchLeds                dataBANK0    0063
_text_to_buffer            text2        1554
_volume                    bssBANK0     0068
_volume_conversion         text1        1750
btemp                      (abs)        007E
clear_ram0                 clrtext      146D
end_of_initialization      cinit        004F
init_fetch0                inittext     14B1
init_ram0                  inittext     14B5
input_conversion@input     cstackBANK0  003E
interrupt_function         intentry     0004
intlevel0                  functab      0000
intlevel1                  functab      0000
intlevel2                  functab      0000
intlevel3                  functab      0000
intlevel4                  functab      0000
intlevel5                  functab      0000
load_buffer@character      cstackBANK0  0037
load_buffer@i              cstackBANK0  0038
load_buffer@i_601          cstackBANK0  003A
load_buffer@i_602          cstackBANK0  003C
load_buffer@position       cstackBANK0  002C
load_buffer@scherm         cstackBANK0  002E
main@F1498                 dataBANK0    005B
main@F1500                 dataBANK1    00C8
main@screen1               cstackBANK0  0053
main@screen2               cstackBANK0  004B
reset_vec                  reset_vec    0000
rotaryHandeling@oldstate   bssCOMMON    007D
rotaryHandeling@state      cstackCOMMON 0073
saved_w                    (abs)        007E
scherm_init@controlWord_0  cstackBANK0  002C
scherm_init@controlWord_1  cstackBANK0  002B
scherm_init@helderheid     cstackBANK0  002A
scherm_init@i              cstackBANK0  0028
send_buffer@i              cstackBANK0  0029
send_buffer@i_595          cstackBANK0  002B
send_buffer@scherm         cstackBANK0  0028
spi_init@clock_pol         cstackBANK0  0027
spi_init@mst_slv_oscdiv    cstackBANK0  0029
spi_init@sdi_rx_smp        cstackBANK0  0026
spi_init@sdo_tx_edge       cstackBANK0  0028
spi_transmit@c             cstackBANK0  0026
start                      init         0010
start_initialization       cinit        0013
text_to_buffer@i           cstackBANK0  0041
text_to_buffer@newtext     cstackBANK0  003E
text_to_buffer@scherm      cstackBANK0  0040
volume_conversion@buffer   cstackBANK0  003E
volume_conversion@i        cstackBANK0  0040
volume_conversion@value    cstackBANK0  0042
wtemp0                     (abs)        007E


MODULE INFORMATION

Module		Function		Class		Link	Load	Size
D:\cx8\Microchip\xc8\v2.45\pic\sources\c99\common\Umul16.c
		___wmul        		CODE           	1506	0000	39

D:\cx8\Microchip\xc8\v2.45\pic\sources\c99\common\Umul16.c estimated size: 39

spi.c
		_spi_transmit  		CODE           	1467	0000	6
		_spi_init      		CODE           	1583	0000	91

spi.c estimated size: 97

shared
		_volumeValue   		STRCODE        	0000	0000	0
		__stringtab    		STRCODE        	0100	0000	18
		_adcBounds     		STRCODE        	0DBA	0000	84
		_arabic        		STRCODE        	0000	0000	0
		__initialization		CODE           	0013	0000	60
		_hebrew        		STRCODE        	0000	0000	0
		_aurebech      		STRCODE        	0000	0000	0
		_ascii         		STRCODE        	0B3A	0000	640

shared estimated size: 802

scherm.c
		_scherm_init   		CODE           	16C2	0000	142
		_send_buffer   		CODE           	0E40	0000	108
		_text_to_buffer		CODE           	1554	0000	47
		_load_buffer   		CODE           	0EAC	0000	340

scherm.c estimated size: 637

main.c
		_pic_init      		CODE           	152D	0000	39
		_ISR           		CODE           	0053	0000	155
		_ports_init    		CODE           	14C4	0000	20
		_pins_init     		CODE           	147D	0000	11
		_main          		CODE           	1650	0000	114
		_rotaryHandeling		CODE           	15DE	0000	114
		_input_conversion		CODE           	00EE	0000	18
		_volume_conversion		CODE           	1750	0000	176
		_init_osc      		CODE           	1488	0000	13
		_adc_init      		CODE           	14EF	0000	23
		_interrupt_init		CODE           	14A2	0000	15

main.c estimated size: 698

D:\cx8\Microchip\xc8\v2.45\pic\sources\c99\common\Umul8.c
		___bmul        		CODE           	14D8	0000	23

D:\cx8\Microchip\xc8\v2.45\pic\sources\c99\common\Umul8.c estimated size: 23

