Microchip MPLAB XC8 Compiler V2.45

Linker command line:

-W-3 \
  --edf=C:\Program Files\Microchip\xc8\v2.45\pic\dat\20230818022343_en.msgs \
  -cn -h+dist/default/production\SchermRotary.X.production.sym \
  --cmf=dist/default/production\SchermRotary.X.production.cmf -z -Q16F887 \
  -oC:\Users\rayzo\AppData\Local\Temp\xcAstck.\driver_tmp_3.o \
  --defsym=__MPLAB_BUILD=1 --fixupoverflow=error \
  -Mdist/default/production/SchermRotary.X.production.map \
  --md=C:\Users\rayzo\AppData\Local\Temp\xcAstck.\driver_tmp_0.dat -E1 \
  -ver=XC8 Compiler --acfsm=1493 -ACODE=00h-07FFhx4 -ASTRCODE=00h-01FFFh \
  -ASTRING=00h-0FFhx32 -ACONST=00h-0FFhx32 -AENTRY=00h-0FFhx32 \
  -ACOMMON=070h-07Fh -ABANK0=020h-06Fh -ABANK1=0A0h-0EFh \
  -ABANK2=0110h-016Fh -ABANK3=0190h-01EFh \
  -ARAM=020h-06Fh,0A0h-0EFh,0110h-016Fh,0190h-01EFh \
  -AABS1=020h-07Fh,0A0h-0EFh,0110h-016Fh,0190h-01EFh -ASFR0=00h-01Fh \
  -ASFR1=080h-09Fh -ASFR2=0100h-010Fh -ASFR3=0180h-018Fh \
  -ACONFIG=02007h-02008h -DCONFIG=2 -AIDLOC=02000h-02003h -DIDLOC=2 \
  -AEEDATA=00h-0FFh/02100h -peeprom_data=EEDATA -DEEDATA=2 -DCODE=2 \
  -DSTRCODE=2 -DSTRING=2 -DCONST=2 -DENTRY=2 \
  -preset_vec=00h,intentry=04h,init,end_init -ppowerup=CODE -pcinit=CODE \
  -pfunctab=ENTRY -k \
  C:\Users\rayzo\AppData\Local\Temp\xcAstck.\driver_tmp_12.o \
  dist/default/production\SchermRotary.X.production.o 

Object code version is 3.11

Machine type is 16F887



                Name                               Link     Load   Length Selector   Space Scale
C:\Users\rayzo\AppData\Local\Temp\xcAstck.\driver_tmp_12.o
                end_init                             10       10        3        8       0
                reset_vec                             0        0        3        0       0
                config                             2007     2007        2        0       4
dist/default/production\SchermRotary.X.production.o
                cinit                                13       13       40        8       0
                intentry                              4        4        C        8       0
                config                             2007     2007        2        0       4
                text18                              785      785       72      7CC       0
                text17                              5EA      5EA       9B      7CC       0
                text16                              F29      F29       17     1E52       0
                text15                              F57      F57       27     1EAE       0
                text14                              3E6      3E6      154      7CC       0
                text13                               EE       EE       12        8       0
                text12                              F40      F40       17     1E80       0
                text11                              ED9      ED9        D     1DB2       0
                text10                              EF3      EF3        F     1DE6       0
                text9                               ECE      ECE        B     1D9C       0
                text8                               F15      F15       14     1E2A       0
                text7                               FA5      FA5       5B     1F4A       0
                text6                               F7E      F7E       27     1EFC       0
                text5                               EC0      EC0        6     1D80       0
                text4                               685      685       8E      7CC       0
                text3                                53       53       6C        8       0
                text2                                BF       BF       2F        8       0
                text1                               53A      53A       B0      7CC       0
                maintext                            713      713       72      7CC       0
                cstackBANK0                          20       20       3B       20       1
                cstackCOMMON                         70       70        B       70       1
                clrtext                             EC6      EC6        8     1D8C       0
                inittext                            F02      F02       13     1E04       0
                bssBANK3                            190      190       28      190       1
                dataBANK1                            C8       C8        8       A0       1
                bssBANK1                             A0       A0       28       A0       1
                dataBANK0                            5B       5B        D       20       1
                bssBANK0                             68       68        2       20       1
                dataCOMMON                           7B       7B        2       70       1
                bssCOMMON                            7D       7D        1       70       1
                stringtext                          100      100      2E6        2       0
                idataBANK1                          7F7      7F7        8      7CC       0
                idataBANK0                          EE6      EE6        D     1DCC       0
                idataCOMMON                         EBE      EBE        2     1D7C       0

TOTAL           Name                               Link     Load   Length     Space
        CLASS   CODE           
                end_init                             10       10        3         0
                cinit                                13       13       40         0
                intentry                              4        4        C         0
                reset_vec                             0        0        3         0
                text18                              785      785       72         0
                text17                              5EA      5EA       9B         0
                text16                              F29      F29       17         0
                text15                              F57      F57       27         0
                text14                              3E6      3E6      154         0
                text13                               EE       EE       12         0
                text12                              F40      F40       17         0
                text11                              ED9      ED9        D         0
                text10                              EF3      EF3        F         0
                text9                               ECE      ECE        B         0
                text8                               F15      F15       14         0
                text7                               FA5      FA5       5B         0
                text6                               F7E      F7E       27         0
                text5                               EC0      EC0        6         0
                text4                               685      685       8E         0
                text3                                53       53       6C         0
                text2                                BF       BF       2F         0
                text1                               53A      53A       B0         0
                maintext                            713      713       72         0
                clrtext                             EC6      EC6        8         0
                inittext                            F02      F02       13         0
                idataBANK1                          7F7      7F7        8         0
                idataBANK0                          EE6      EE6        D         0
                idataCOMMON                         EBE      EBE        2         0

        CLASS   STRCODE        
                stringtext                          100      100      2E6         0

        CLASS   STRING         

        CLASS   CONST          

        CLASS   ENTRY          

        CLASS   COMMON         
                cstackCOMMON                         70       70        B         1
                dataCOMMON                           7B       7B        2         1
                bssCOMMON                            7D       7D        1         1

        CLASS   BANK0          
                cstackBANK0                          20       20       3B         1
                dataBANK0                            5B       5B        D         1
                bssBANK0                             68       68        2         1

        CLASS   BANK1          
                dataBANK1                            C8       C8        8         1
                bssBANK1                             A0       A0       28         1

        CLASS   BANK2          

        CLASS   BANK3          
                bssBANK3                            190      190       28         1

        CLASS   RAM            

        CLASS   ABS1           
                abs_s1                               7E       7E        2         1

        CLASS   SFR0           

        CLASS   SFR1           

        CLASS   SFR2           

        CLASS   SFR3           

        CLASS   CONFIG         
                config                             2007     2007        2         4

        CLASS   IDLOC          

        CLASS   EEDATA         

        CLASS   HEAP           

        CLASS   STACK          



SEGMENTS        Name                           Load    Length   Top    Selector   Space  Class     Delta

                reset_vec                      000000  000003  000003         0       0  CODE        2
                intentry                       000004  0000FC  000100         8       0  CODE        2
                cstackBANK0                    000020  00004A  00006A        20       1  BANK0       1
                cstackCOMMON                   000070  00000E  00007E        70       1  COMMON      1
                bssBANK1                       0000A0  000030  0000D0        A0       1  BANK1       1
                bssBANK3                       000190  000028  0001B8       190       1  BANK3       1
                stringtext                     000100  0002E6  0003E6         2       0  STRCODE     2
                text14                         0003E6  000419  0007FF       7CC       0  CODE        2
                idataCOMMON                    000EBE  000002  000EC0      1D7C       0  CODE        2
                text5                          000EC0  000006  000EC6      1D80       0  CODE        2
                clrtext                        000EC6  000008  000ECE      1D8C       0  CODE        2
                text9                          000ECE  00000B  000ED9      1D9C       0  CODE        2
                text11                         000ED9  00000D  000EE6      1DB2       0  CODE        2
                idataBANK0                     000EE6  00000D  000EF3      1DCC       0  CODE        2
                text10                         000EF3  00000F  000F02      1DE6       0  CODE        2
                inittext                       000F02  000013  000F15      1E04       0  CODE        2
                text8                          000F15  000014  000F29      1E2A       0  CODE        2
                text16                         000F29  000017  000F40      1E52       0  CODE        2
                text12                         000F40  000017  000F57      1E80       0  CODE        2
                text15                         000F57  000027  000F7E      1EAE       0  CODE        2
                text6                          000F7E  000027  000FA5      1EFC       0  CODE        2
                text7                          000FA5  00005B  001000      1F4A       0  CODE        2


UNUSED ADDRESS RANGES

        Name                Unused          Largest block    Delta
        BANK0            006A-006F              6           1
        BANK1            00D0-00EF             20           1
        BANK2            0110-016F             60           1
        BANK3            01B8-01EF             38           1
        CODE             0003-0003              1           2
                         07FF-0EBD              1
                         1000-1FFF            800
        CONST            0003-0003              1           2
                         07FF-0EBD            100
                         1000-1FFF            100
        EEDATA           2100-21FF            100           2
        ENTRY            0003-0003              1           2
                         07FF-0EBD            100
                         1000-1FFF            100
        IDLOC            2000-2003              4           2
        RAM              006A-006F              6           1
                         00D0-00EF             20
                         0110-016F             60
                         01B8-01EF             38
        SFR0             0000-001F             20           1
        SFR1             0080-009F             20           1
        SFR2             0100-010F             10           1
        SFR3             0180-018F             10           1
        STRCODE          0003-0003              1           2
                         07FF-0EBD            6BF
                         1000-1FFF           1000
        STRING           0003-0003              1           2
                         07FF-0EBD            100
                         1000-1FFF            100

                                  Symbol Table

?___wmul                   cstackBANK0  0026
ISR@adcValue               cstackBANK0  0024
ISR@lowerValue             cstackBANK0  0022
ISR@upperValue             cstackBANK0  0020
_ADCON0bits                (abs)        001F
_ADCON1bits                (abs)        009F
_ADRESH                    (abs)        001E
_ADRESL                    (abs)        009E
_ANSEL                     (abs)        0188
_ANSELH                    (abs)        0189
_ANSELbits                 (abs)        0188
_GO                        (abs)        00F9
_INTCONbits                (abs)        000B
_IOCBbits                  (abs)        0096
_ISR                       text17       05EA
_OSCCONbits                (abs)        008F
_PIE1bits                  (abs)        008C
_PIR1bits                  (abs)        000C
_PORTA                     (abs)        0005
_PORTB                     (abs)        0006
_PORTBbits                 (abs)        0006
_PORTC                     (abs)        0007
_PORTCbits                 (abs)        0007
_PORTD                     (abs)        0008
_PORTDbits                 (abs)        0008
_PORTE                     (abs)        0009
_SSPBUF                    (abs)        0013
_SSPCONbits                (abs)        0014
_SSPSTATbits               (abs)        0094
_TRISA                     (abs)        0085
_TRISB                     (abs)        0086
_TRISBbits                 (abs)        0086
_TRISC                     (abs)        0087
_TRISCbits                 (abs)        0087
_TRISD                     (abs)        0088
_TRISE                     (abs)        0089
_TRISEbits                 (abs)        0089
__H__absolute__            __absolute__ 0000
__Habs1                    abs1         0000
__Hbank0                   bank0        0000
__Hbank1                   bank1        0000
__Hbank2                   bank2        0000
__Hbank3                   bank3        0000
__HbssBANK0                bssBANK0     0000
__HbssBANK1                bssBANK1     0000
__HbssBANK3                bssBANK3     0000
__HbssCOMMON               bssCOMMON    0000
__Hcinit                   cinit        0053
__Hclrtext                 clrtext      0000
__Hcode                    code         0000
__Hcommon                  common       0000
__Hconfig                  config       2009
__HcstackBANK0             cstackBANK0  0000
__HcstackCOMMON            cstackCOMMON 0000
__HdataBANK0               dataBANK0    0000
__HdataBANK1               dataBANK1    0000
__HdataCOMMON              dataCOMMON   0000
__Heeprom_data             eeprom_data  0000
__Hend_init                end_init     0013
__Hfunctab                 functab      0000
__Hheap                    heap         0000
__HidataBANK0              idataBANK0   0000
__HidataBANK1              idataBANK1   0000
__HidataCOMMON             idataCOMMON  0000
__Hinit                    init         0010
__Hinittext                inittext     0000
__Hintentry                intentry     0010
__Hmaintext                maintext     0000
__Hpowerup                 powerup      0000
__Hram                     ram          0000
__Hreset_vec               reset_vec    0003
__Hsfr0                    sfr0         0000
__Hsfr1                    sfr1         0000
__Hsfr2                    sfr2         0000
__Hsfr3                    sfr3         0000
__Hspace_0                 (abs)        1000
__Hspace_1                 (abs)        01B8
__Hspace_2                 (abs)        0000
__Hspace_3                 (abs)        0000
__Hspace_4                 (abs)        4010
__Hstack                   stack        0000
__Hstrings                 strings      0000
__Hstringtext              stringtext   0000
__Htext                    text         0000
__L__absolute__            __absolute__ 0000
__Labs1                    abs1         0000
__Lbank0                   bank0        0000
__Lbank1                   bank1        0000
__Lbank2                   bank2        0000
__Lbank3                   bank3        0000
__LbssBANK0                bssBANK0     0000
__LbssBANK1                bssBANK1     0000
__LbssBANK3                bssBANK3     0000
__LbssCOMMON               bssCOMMON    0000
__Lcinit                   cinit        0013
__Lclrtext                 clrtext      0000
__Lcode                    code         0000
__Lcommon                  common       0000
__Lconfig                  config       0000
__LcstackBANK0             cstackBANK0  0000
__LcstackCOMMON            cstackCOMMON 0000
__LdataBANK0               dataBANK0    0000
__LdataBANK1               dataBANK1    0000
__LdataCOMMON              dataCOMMON   0000
__Leeprom_data             eeprom_data  0000
__Lend_init                end_init     0010
__Lfunctab                 functab      0000
__Lheap                    heap         0000
__LidataBANK0              idataBANK0   0000
__LidataBANK1              idataBANK1   0000
__LidataCOMMON             idataCOMMON  0000
__Linit                    init         0010
__Linittext                inittext     0000
__Lintentry                intentry     0004
__Lmaintext                maintext     0000
__Lpowerup                 powerup      0000
__Lram                     ram          0000
__Lreset_vec               reset_vec    0000
__Lsfr0                    sfr0         0000
__Lsfr1                    sfr1         0000
__Lsfr2                    sfr2         0000
__Lsfr3                    sfr3         0000
__Lspace_0                 (abs)        0000
__Lspace_1                 (abs)        0000
__Lspace_2                 (abs)        0000
__Lspace_3                 (abs)        0000
__Lspace_4                 (abs)        0000
__Lstack                   stack        0000
__Lstrings                 strings      0000
__Lstringtext              stringtext   0000
__Ltext                    text         0000
__S0                       (abs)        1000
__S1                       (abs)        01B8
__S3                       (abs)        0000
___bmul                    text16       0F29
___bmul@multiplicand       cstackBANK0  0026
___bmul@multiplier         cstackBANK0  0028
___bmul@product            cstackBANK0  0027
___heap_hi                 (abs)        0000
___heap_lo                 (abs)        0000
___int_sp                  stack        0000
___int_stack_hi            stack        0000
___int_stack_lo            stack        0000
___latbits                 (abs)        0002
___sp                      stack        0000
___stack_hi                stack        0000
___stack_lo                stack        0000
___stackhi                 (abs)        0000
___stacklo                 (abs)        0000
___wmul                    text15       0F57
___wmul@multiplicand       cstackBANK0  0028
___wmul@multiplier         cstackBANK0  0026
___wmul@product            cstackBANK0  002A
__end_of_ISR               text17       0685
__end_of___bmul            text16       0F40
__end_of___wmul            text15       0F7E
__end_of__initialization   cinit        004F
__end_of__stringtab        stringtext   0112
__end_of_adcBounds         stringtext   03E6
__end_of_adc_init          text12       0F57
__end_of_ascii             stringtext   0392
__end_of_init_osc          text11       0EE6
__end_of_input_conversion  text13       0100
__end_of_interrupt_init    text10       0F02
__end_of_load_buffer       text14       053A
__end_of_main              maintext     0785
__end_of_pic_init          text6        0FA5
__end_of_pins_init         text9        0ED9
__end_of_ports_init        text8        0F29
__end_of_rotaryHandeling   text18       07F7
__end_of_scherm_init       text4        0713
__end_of_send_buffer       text3        00BF
__end_of_spi_init          text7        1000
__end_of_spi_transmit      text5        0EC6
__end_of_text_to_buffer    text2        00EE
__end_of_volume_conversion text1        05EA
__initialization           cinit        0013
__pbssBANK0                bssBANK0     0068
__pbssBANK1                bssBANK1     00A0
__pbssBANK3                bssBANK3     0190
__pbssCOMMON               bssCOMMON    007D
__pcstackBANK0             cstackBANK0  0020
__pcstackCOMMON            cstackCOMMON 0070
__pdataBANK0               dataBANK0    005B
__pdataBANK1               dataBANK1    00C8
__pdataCOMMON              dataCOMMON   007B
__pidataBANK0              idataBANK0   0EE6
__pidataBANK1              idataBANK1   07F7
__pidataCOMMON             idataCOMMON  0EBE
__pintentry                intentry     0004
__pmaintext                maintext     0713
__pstringtext              stringtext   0100
__ptext1                   text1        053A
__ptext10                  text10       0EF3
__ptext11                  text11       0ED9
__ptext12                  text12       0F40
__ptext13                  text13       00EE
__ptext14                  text14       03E6
__ptext15                  text15       0F57
__ptext16                  text16       0F29
__ptext17                  text17       05EA
__ptext18                  text18       0785
__ptext2                   text2        00BF
__ptext3                   text3        0053
__ptext4                   text4        0685
__ptext5                   text5        0EC0
__ptext6                   text6        0F7E
__ptext7                   text7        0FA5
__ptext8                   text8        0F15
__ptext9                   text9        0ECE
__stringbase               stringtext   0112
__stringtab                stringtext   0100
_adcBounds                 stringtext   0392
_adc_init                  text12       0F40
_ascii                     stringtext   0112
_count                     dataBANK0    0065
_init_osc                  text11       0ED9
_input_conversion          text13       00EE
_interrupt_init            text10       0EF3
_load_buffer               text14       03E6
_main                      maintext     0713
_miniCount                 dataCOMMON   007B
_pic_init                  text6        0F7E
_pins_init                 text9        0ECE
_ports_init                text8        0F15
_rotaryHandeling           text18       0785
_scherm1_buffer            bssBANK1     00A0
_scherm2_buffer            bssBANK3     0190
_scherm_init               text4        0685
_send_buffer               text3        0053
_spi_init                  text7        0FA5
_spi_transmit              text5        0EC0
_switchLeds                dataBANK0    0063
_text_to_buffer            text2        00BF
_volume                    bssBANK0     0068
_volume_conversion         text1        053A
btemp                      (abs)        007E
clear_ram0                 clrtext      0EC6
end_of_initialization      cinit        004F
init_fetch0                inittext     0F02
init_ram0                  inittext     0F06
input_conversion@input     cstackBANK0  003E
interrupt_function         intentry     0004
intlevel0                  functab      0000
intlevel1                  functab      0000
intlevel2                  functab      0000
intlevel3                  functab      0000
intlevel4                  functab      0000
intlevel5                  functab      0000
load_buffer@character      cstackBANK0  0037
load_buffer@i              cstackBANK0  0038
load_buffer@i_591          cstackBANK0  003A
load_buffer@i_592          cstackBANK0  003C
load_buffer@position       cstackBANK0  002C
load_buffer@scherm         cstackBANK0  002E
main@F1490                 dataBANK0    005B
main@F1492                 dataBANK1    00C8
main@screen1               cstackBANK0  0053
main@screen2               cstackBANK0  004B
reset_vec                  reset_vec    0000
rotaryHandeling@oldstate   bssCOMMON    007D
rotaryHandeling@state      cstackCOMMON 0073
saved_w                    (abs)        007E
scherm_init@controlWord_0  cstackBANK0  002C
scherm_init@controlWord_1  cstackBANK0  002B
scherm_init@helderheid     cstackBANK0  002A
scherm_init@i              cstackBANK0  0028
send_buffer@i              cstackBANK0  0029
send_buffer@i_585          cstackBANK0  002B
send_buffer@scherm         cstackBANK0  0028
spi_init@clock_pol         cstackBANK0  0027
spi_init@mst_slv_oscdiv    cstackBANK0  0029
spi_init@sdi_rx_smp        cstackBANK0  0026
spi_init@sdo_tx_edge       cstackBANK0  0028
spi_transmit@c             cstackBANK0  0026
start                      init         0010
start_initialization       cinit        0013
text_to_buffer@i           cstackBANK0  0041
text_to_buffer@newtext     cstackBANK0  003E
text_to_buffer@scherm      cstackBANK0  0040
volume_conversion@buffer   cstackBANK0  003E
volume_conversion@i        cstackBANK0  0040
volume_conversion@value    cstackBANK0  0042
wtemp0                     (abs)        007E


MODULE INFORMATION

Module		Function		Class		Link	Load	Size
C:\Program Files\Microchip\xc8\v2.45\pic\sources\c99\common\Umul16.c
		___wmul        		CODE           	0F57	0000	39

C:\Program Files\Microchip\xc8\v2.45\pic\sources\c99\common\Umul16.c estimated size: 39

C:\Program Files\Microchip\xc8\v2.45\pic\sources\c99\common\Umul8.c
		___bmul        		CODE           	0F29	0000	23

C:\Program Files\Microchip\xc8\v2.45\pic\sources\c99\common\Umul8.c estimated size: 23

spi.c
		_spi_transmit  		CODE           	0EC0	0000	6
		_spi_init      		CODE           	0FA5	0000	91

spi.c estimated size: 97

shared
		__stringtab    		STRCODE        	0100	0000	18
		_adcBounds     		STRCODE        	0392	0000	84
		__initialization		CODE           	0013	0000	60
		_ascii         		STRCODE        	0112	0000	640

shared estimated size: 802

scherm.c
		_scherm_init   		CODE           	0685	0000	142
		_send_buffer   		CODE           	0053	0000	108
		_text_to_buffer		CODE           	00BF	0000	47
		_load_buffer   		CODE           	03E6	0000	340

scherm.c estimated size: 637

main.c
		_pic_init      		CODE           	0F7E	0000	39
		_ISR           		CODE           	05EA	0000	155
		_ports_init    		CODE           	0F15	0000	20
		_pins_init     		CODE           	0ECE	0000	11
		_main          		CODE           	0713	0000	114
		_rotaryHandeling		CODE           	0785	0000	114
		_input_conversion		CODE           	00EE	0000	18
		_volume_conversion		CODE           	053A	0000	176
		_init_osc      		CODE           	0ED9	0000	13
		_adc_init      		CODE           	0F40	0000	23
		_interrupt_init		CODE           	0EF3	0000	15

main.c estimated size: 698

